// Jest Snapshot v1, https://goo.gl/fbAQLP

exports[`<Main /> should render the heading 1`] = `
.c0 {
  background-color: #06092b;
  color: #fff;
  width: 100%;
  height: 100%;
  display: -webkit-box;
  display: -webkit-flex;
  display: -ms-flexbox;
  display: flex;
  -webkit-flex-direction: column;
  -ms-flex-direction: column;
  flex-direction: column;
  text-align: center;
  padding: 3rem;
  -webkit-align-items: center;
  -webkit-box-align: center;
  -ms-flex-align: center;
  align-items: center;
  -webkit-box-pack: center;
  -webkit-justify-content: center;
  -ms-flex-pack: center;
  justify-content: center;
}

.c1 {
  font-size: 2.5rem;
}

.c2 {
  margin-top: 2rem;
  font-size: 2rem;
  font-weight: 400;
}

.c3 {
  margin-top: 3rem;
  width: min(30rem,100%);
}

.c4 {
  display: -webkit-box;
  display: -webkit-flex;
  display: -ms-flexbox;
  display: flex;
  -webkit-align-items: center;
  -webkit-box-align: center;
  -ms-flex-align: center;
  align-items: center;
  padding: 1rem;
}

.c5 {
  cursor: pointer;
  background: transparent;
  border: 0;
  height: 5rem;
  width: 5rem;
  font-size: 3rem;
}

.c6 {
  font-size: 2rem;
}

.c6 p:last-of-type {
  margin-top: 1rem;
}

<main
  class="c0"
>
  <h1
    class="c1"
  >
    TÃ­tulo
  </h1>
  <h2
    class="c2"
  >
    DescriÃ§Ã£o
  </h2>
  <img
    class="c3"
  />
  <div
    class="c4"
  >
    <button
      class="c5"
    >
      ðŸ‡§ðŸ‡·
    </button>
    <button
      class="c5"
    >
      ðŸ‡ªðŸ‡¸
    </button>
    <button
      class="c5"
    >
      ðŸ‡ºðŸ‡¸
    </button>
  </div>
  <div
    class="c6"
  >
    <p>
      Info
    </p>
    <p>
      /url
    </p>
  </div>
</main>
`;
